// Jest Snapshot v1, https://goo.gl/fbAQLP

exports[`Benefits step component renders as snapshot correctly 1`] = `
<FormPartsContainer
  clarifier={
    <span
      className="snippet"
      lang="en"
    >
      Select the benefits you currently receive
    </span>
  }
  formClass="benefits"
  formSize="massive"
  navData={
    Object {
      "left": null,
      "middle": null,
      "right": Object {
        "onClick": [Function],
        "text": "Next",
      },
    }
  }
  title={
    <span
      className="snippet"
      lang="en"
    >
      Current Benefits
    </span>
  }
>
  <CurrentBenefitsContent
    snippets={
      Object {
        "i_currentBenefits": <span
          className="snippet"
          lang="en"
      >
          Current Benefits
      </span>,
        "i_hasSection8Hint": <span
          className="snippet"
          lang="en"
      >
          Section 8 provides rental housing assistance.
      </span>,
        "i_hasSection8Label": <span
          className="snippet"
          lang="en"
      >
          Do you have Section 8 Housing?
      </span>,
        "i_hasSnapHint": <span
          className="snippet"
          lang="en"
      >
          SNAP provides assistance with buying food
      </span>,
        "i_hasSnapLabel": <span
          className="snippet"
          lang="en"
      >
          Do you have SNAP?
      </span>,
        "i_selectBenefits": <span
          className="snippet"
          lang="en"
      >
          Select the benefits you currently receive
      </span>,
        "langCode": "en",
      }
    }
  />
</FormPartsContainer>
`;
