// Jest Snapshot v1, https://goo.gl/fbAQLP

exports[`Expenses step component renders as snapshot correctly 1`] = `
<Form
  as="form"
  className="expense-form flex-item flex-column"
>
  <FormPartsContainer
    navData={
      Object {
        "left": Object {
          "onClick": [Function],
          "text": "Previous",
        },
        "middle": null,
        "right": Object {
          "onClick": [Function],
          "text": "Next",
        },
      }
    }
    title={
      <span
        className="snippet"
        lang="en"
      >
        Current Household Expenses
      </span>
    }
  >
    <ExpensesFormContent
      current={
        Object {
          "SSDI": 0,
          "SSI": 0,
          "TAFDC": 0,
          "adultDirectCare": 0,
          "adultOtherCare": 0,
          "adultTransportation": 0,
          "alimony": 0,
          "childBeforeAndAfterSchoolCare": 0,
          "childDirectCare": 0,
          "childOtherCare": 0,
          "childSupportIn": 0,
          "childSupportPaidOut": 0,
          "childTransportation": 0,
          "climateControl": false,
          "contractRent": 0,
          "disabledAssistance": 0,
          "disabledMedical": 0,
          "earned": 0,
          "earnedBecauseOfAdultCare": 0,
          "earnedBecauseOfChildCare": 0,
          "fuelAssistance": false,
          "hasSection8": false,
          "hasSnap": false,
          "household": Array [
            Object {
              "m_age": 30,
              "m_disabled": false,
              "m_role": "head",
            },
          ],
          "housing": "homeless",
          "housingInsurance": 0,
          "mortgage": 0,
          "nonHeatElectricity": false,
          "otherExpensesCable": 0,
          "otherExpensesCareProducts": 0,
          "otherExpensesClothes": 0,
          "otherExpensesEntertainment": 0,
          "otherExpensesFood": 0,
          "otherExpensesMedical": 0,
          "otherExpensesOther": 0,
          "otherExpensesPhone": 0,
          "otherExpensesTransport": 0,
          "otherExpensesUtilities": 0,
          "otherIncome": 0,
          "otherMedical": 0,
          "pension": 0,
          "phone": false,
          "propertyTax": 0,
          "rent": 0,
          "rentShare": 0,
          "socialSecurity": 0,
          "unemployment": 0,
          "wantsToSeeOtherExpenses": false,
          "workersComp": 0,
        }
      }
      snippets={
        Object {
          "childSupport": Object {
            "childSupportPaidOut": Object {
              "i_childSupport": <span
                className="snippet"
                lang="en"
        >
                 child support
        </span>,
              "i_legallyObligated": <span
                className="snippet"
                lang="en"
        >
                Legally obligated
        </span>,
              "langCode": "en",
            },
            "i_columnExpenseType": <span
              className="snippet"
              lang="en"
        >
              Expense
        </span>,
            "i_sectionHeading": <span
              className="snippet"
              lang="en"
        >
              Child Support
        </span>,
            "langCode": "en",
          },
          "housing": Object {
            "climateControl": Object {
              "i_hint": <span
                className="snippet"
                lang="en"
        >
                How much do you pay if you have a separate bill for heating and/or cooling
        </span>,
              "i_label": <span
                className="snippet"
                lang="en"
        >
                Heating or cooling (e.g. A/C during summer)
        </span>,
              "langCode": "en",
            },
            "fuelAssistance": Object {
              "i_hint": <span
                className="snippet"
                lang="en"
        >
                Fuel Assistance helps you pay for heating fuel
        </span>,
              "i_labelText": <span
                className="snippet"
                lang="en"
        >
                Do you get Fuel Assistance?
        </span>,
              "langCode": "en",
            },
            "i_sectionHeading": <span
              className="snippet"
              lang="en"
        >
              Housing
        </span>,
            "i_utilitiesSubheading": <span
              className="snippet"
              lang="en"
        >
              Which of these utilities do you pay for?
        </span>,
            "langCode": "en",
            "monthlyContractRent": Object {
              "i_hint": <span
                className="snippet"
                lang="en"
        >
                The total rent for your apartment
        </span>,
              "i_label": <span
                className="snippet"
                lang="en"
        >
                Monthly Contract Rent (the total rent for your apartment)
        </span>,
              "langCode": "en",
            },
            "monthlyRentShare": Object {
              "i_hint": <span
                className="snippet"
                lang="en"
        >
                How much of the total rent you have to pay
        </span>,
              "i_label": <span
                className="snippet"
                lang="en"
        >
                Your Monthly Rent Share (how much of the total rent you have to pay)
        </span>,
              "langCode": "en",
            },
            "nonHeatElectricity": Object {
              "i_hint": <span
                className="snippet"
                lang="en"
        >
                How much do you pay for any electric usage (other than for heat)
        </span>,
              "i_label": <span
                className="snippet"
                lang="en"
        >
                Electricity for non-heating purposes
        </span>,
              "langCode": "en",
            },
            "phone": Object {
              "i_hint": <span
                className="snippet"
                lang="en"
        >
                How much do you pay for basic telephone service
        </span>,
              "i_label": <span
                className="snippet"
                lang="en"
        >
                Telephone service
        </span>,
              "langCode": "en",
            },
          },
          "i_next": <span
            className="snippet"
            lang="en"
        >
            Next
        </span>,
          "i_previous": <span
            className="snippet"
            lang="en"
        >
            Previous
        </span>,
          "i_title": <span
            className="snippet"
            lang="en"
        >
            Current Household Expenses
        </span>,
          "langCode": "en",
          "unreimbursedNonMedicalChildCare": Object {
            "childBeforeAndAfterSchoolCare": Object {
              "i_hint": <span
                className="snippet"
                lang="en"
        >
                How much do you pay for child care for times before or after school?
        </span>,
              "i_label": <span
                className="snippet"
                lang="en"
        >
                Before- and after-school care
        </span>,
              "langCode": "en",
            },
            "childDirectCare": Object {
              "i_hint": <span
                className="snippet"
                lang="en"
        >
                How much do you pay for child care out of pocket?
        </span>,
              "i_label": <span
                className="snippet"
                lang="en"
        >
                Direct care costs
        </span>,
              "langCode": "en",
            },
            "childOtherCare": Object {
              "i_hint": <span
                className="snippet"
                lang="en"
        >
                How much do you pay for other child care?
        </span>,
              "i_label": <span
                className="snippet"
                lang="en"
        >
                Other care
        </span>,
              "langCode": "en",
            },
            "childTransportation": Object {
              "i_hint": <span
                className="snippet"
                lang="en"
        >
                How much do you pay for transportation?
        </span>,
              "i_label": <span
                className="snippet"
                lang="en"
        >
                Transportation costs
        </span>,
              "langCode": "en",
            },
            "i_columnExpenseType": <span
              className="snippet"
              lang="en"
        >
              Expense
        </span>,
            "i_doEarnBecauseOfChildCare": <span
              className="snippet"
              lang="en"
        >
              Does child care allow you to make additional income?
        </span>,
            "i_earnedBecauseOfChildCare": <span
              className="snippet"
              lang="en"
        >
              Income made possible by childcare expenses
        </span>,
            "i_sectionHeading": <span
              className="snippet"
              lang="en"
        >
              Reasonable Unreimbursed Non-Medical Child(ren) Care
        </span>,
            "i_subheading": <span
              className="snippet"
              lang="en"
        >
              A "child" is a person 12 or younger. Don't include amounts that are paid for by other benefit programs.
        </span>,
            "langCode": "en",
          },
        }
      }
      time="current"
      updateClientValue={[Function]}
    />
  </FormPartsContainer>
</Form>
`;
