// Jest Snapshot v1, https://goo.gl/fbAQLP

exports[`Benefits step component renders as snapshot correctly 1`] = `
<Form
  as="form"
  className="household-size-form flex-item flex-column"
  size="massive"
>
  <FormPartsContainer
    clarifier={
      <span
        className="snippet"
        lang="en"
      >
        Select the benefits you currently receive
      </span>
    }
    navData={
      Object {
        "left": null,
        "middle": null,
        "right": Object {
          "onClick": [Function],
          "text": "Next",
        },
      }
    }
    title={
      <span
        className="snippet"
        lang="en"
      >
        Current Benefits
      </span>
    }
  >
    <CurrentBenefitsContent
      current={
        Object {
          "SSDI": 0,
          "SSI": 0,
          "TAFDC": 0,
          "adultDirectCare": 0,
          "adultOtherCare": 0,
          "adultTransportation": 0,
          "alimony": 0,
          "childBeforeAndAfterSchoolCare": 0,
          "childDirectCare": 0,
          "childOtherCare": 0,
          "childSupportIn": 0,
          "childSupportPaidOut": 0,
          "childTransportation": 0,
          "climateControl": false,
          "contractRent": 0,
          "disabledAssistance": 0,
          "disabledMedical": 0,
          "earned": 0,
          "earnedBecauseOfAdultCare": 0,
          "earnedBecauseOfChildCare": 0,
          "fuelAssistance": false,
          "hasSection8": false,
          "hasSnap": false,
          "household": Array [
            Object {
              "m_age": 30,
              "m_disabled": false,
              "m_role": "head",
            },
          ],
          "housing": "homeless",
          "housingInsurance": 0,
          "mortgage": 0,
          "nonHeatElectricity": false,
          "otherExpensesCable": 0,
          "otherExpensesCareProducts": 0,
          "otherExpensesClothes": 0,
          "otherExpensesEntertainment": 0,
          "otherExpensesFood": 0,
          "otherExpensesMedical": 0,
          "otherExpensesOther": 0,
          "otherExpensesPhone": 0,
          "otherExpensesTransport": 0,
          "otherExpensesUtilities": 0,
          "otherIncome": 0,
          "otherMedical": 0,
          "pension": 0,
          "phone": false,
          "propertyTax": 0,
          "rent": 0,
          "rentShare": 0,
          "socialSecurity": 0,
          "unemployment": 0,
          "wantsToSeeOtherExpenses": false,
          "workersComp": 0,
        }
      }
      snippets={
        Object {
          "currentBenefits_v1": <span
            className="snippet"
            lang="en"
        >
            Current Benefits
        </span>,
          "hasSection8Hint_v1": <span
            className="snippet"
            lang="en"
        >
            Section 8 provides rental housing assistance.
        </span>,
          "hasSection8Label_v1": <span
            className="snippet"
            lang="en"
        >
            Do you have Section 8 Housing?
        </span>,
          "hasSnapHint_v1": <span
            className="snippet"
            lang="en"
        >
            SNAP provides assistance with buying food
        </span>,
          "hasSnapLabel_v1": <span
            className="snippet"
            lang="en"
        >
            Do you have SNAP?
        </span>,
          "i_currentBenefits": <span
            className="snippet"
            lang="en"
        >
            Current Benefits
        </span>,
          "i_hasSection8Hint": <span
            className="snippet"
            lang="en"
        >
            Section 8 provides rental housing assistance.
        </span>,
          "i_hasSection8Label": <span
            className="snippet"
            lang="en"
        >
            Do you have Section 8 Housing?
        </span>,
          "i_hasSnapHint": <span
            className="snippet"
            lang="en"
        >
            SNAP provides assistance with buying food
        </span>,
          "i_hasSnapLabel": <span
            className="snippet"
            lang="en"
        >
            Do you have SNAP?
        </span>,
          "i_next": <span
            className="snippet"
            lang="en"
        >
            Next
        </span>,
          "i_selectBenefits": <span
            className="snippet"
            lang="en"
        >
            Select the benefits you currently receive
        </span>,
          "langCode": "en",
          "next": <span
            className="snippet"
            lang="en"
        >
            Next
        </span>,
          "selectBenefits_v1": <span
            className="snippet"
            lang="en"
        >
            Select the benefits you currently receive
        </span>,
        }
      }
      updateClientValue={[Function]}
    />
  </FormPartsContainer>
</Form>
`;
