// Jest Snapshot v1, https://goo.gl/fbAQLP

exports[`<CashFlowDisplayRow> renders using provided value 1`] = `
<CashFlowDisplayRow
  generic="potatoes"
  value={12}
>
  <div
    className="cashflow cashflow-display"
  >
    <div
      className="cashflow-column potatoes output-number"
    >
      2.77
    </div>
    <div
      className="cashflow-column potatoes output-number"
    >
      12.00
    </div>
    <div
      className="cashflow-column potatoes output-number"
    >
      144.00
    </div>
    <div
      className="cashflow-column cashflow-column-label"
    >
      <label>
        <span>
          Why potatoes?
        </span>
      </label>
    </div>
  </div>
</CashFlowDisplayRow>
`;

exports[`<CashFlowDisplayRow> renders using value in timeState 1`] = `
<CashFlowDisplayRow
  generic="potatoes"
  timeState={
    Immutable.Map {
      otherExpensesCareProducts: 0,
      otherMedical: 0,
      otherExpensesPhone: 0,
      workersComp: 0,
      childOtherCare: 0,
      earnedBecauseOfAdultCare: 0,
      SSDI: 0,
      unemployment: 0,
      otherExpensesOther: 0,
      childBeforeAndAfterSchoolCare: 0,
      rentShare: 0,
      otherExpensesMedical: 0,
      adultTransportation: 0,
      adultOtherCare: 0,
      earnedBecauseOfChildCare: 0,
      childTransportation: 0,
      otherExpensesFood: 0,
      SSI: 0,
      alimony: 0,
      contractRent: 0,
      socialSecurity: 0,
      phone: false,
      fuelAssistance: false,
      pension: 0,
      childSupportPaidOut: 0,
      otherExpensesCable: 0,
      disabledAssistance: 0,
      nonHeatElectricity: false,
      adultDirectCare: 0,
      disabledMedical: 0,
      potatoes: 15,
      childDirectCare: 0,
      propertyTax: 0,
      wantsToSeeOtherExpenses: false,
      earned: 0,
      climateControl: false,
      TAFDC: 0,
      childSupportIn: 0,
      otherIncome: 0,
      rent: 0,
      mortgage: 0,
      benefits: Immutable.Set [
      ],
      otherExpensesEntertainment: 0,
      housingInsurance: 0,
      otherExpensesClothes: 0,
      housing: "homeless",
      otherExpensesTransport: 0,
      otherExpensesUtilities: 0,
      household: Immutable.List [
        Immutable.Map {
          m_age: 30,
          m_role: "head",
          m_disabled: false,
        },
      ],
    }
  }
>
  <div
    className="cashflow cashflow-display"
  >
    <div
      className="cashflow-column potatoes output-number"
    >
      3.46
    </div>
    <div
      className="cashflow-column potatoes output-number"
    >
      15.00
    </div>
    <div
      className="cashflow-column potatoes output-number"
    >
      180.00
    </div>
    <div
      className="cashflow-column cashflow-column-label"
    >
      <label>
        <span>
          More potatoes, huh?
        </span>
      </label>
    </div>
  </div>
</CashFlowDisplayRow>
`;
