// Jest Snapshot v1, https://goo.gl/fbAQLP

exports[`<MonthlyCashFlowRow> matches snapshot 1`] = `
<MonthlyCashFlowRow
  baseValue={0}
  inputProps={Object {}}
  rowProps={Object {}}
  updateClientValue={[Function]}
>
  <CashFlowContainer>
    <FormField
      className="cashflow"
      inline={true}
    >
      <div
        className="inline field cashflow"
      >
        <ManagedNumberField
          className="cashflow-column"
          format={[Function]}
          otherData={
            Object {
              "interval": "monthly",
            }
          }
          store={[Function]}
          value={0}
        >
          <FormInput
            as={[Function]}
            className="cashflow-column output-number"
            control={[Function]}
            error={false}
            onBlur={[Function]}
            onChange={[Function]}
            onFocus={[Function]}
            value="0.00"
          >
            <FormField
              className="cashflow-column output-number"
              control={[Function]}
              error={false}
              onBlur={[Function]}
              onChange={[Function]}
              onFocus={[Function]}
              value="0.00"
            >
              <div
                className="field cashflow-column output-number"
              >
                <Input
                  onBlur={[Function]}
                  onChange={[Function]}
                  onFocus={[Function]}
                  type="text"
                  value="0.00"
                >
                  <div
                    className="ui input"
                  >
                    <input
                      key="text"
                      onBlur={[Function]}
                      onChange={[Function]}
                      onFocus={[Function]}
                      type="text"
                      value="0.00"
                    />
                  </div>
                </Input>
              </div>
            </FormField>
          </FormInput>
        </ManagedNumberField>
        <div
          className="cashflow-column cashflow-column-last-child"
        >
          <label />
        </div>
        <InvalidMessage />
      </div>
    </FormField>
  </CashFlowContainer>
</MonthlyCashFlowRow>
`;
