// Jest Snapshot v1, https://goo.gl/fbAQLP

exports[`A feedback prompt should match the snapshot 1`] = `
<FeedbackPrompt
  header="Test prompt data"
  isBlocking={true}
  leaveText="Reset"
  openFeedback={[Function]}
>
  <Modal
    closeOnDimmerClick={true}
    closeOnDocumentClick={false}
    dimmer={true}
    eventPool="Modal"
    mountNode={null}
  >
    <Portal
      className="ui page modals dimmer transition visible active"
      closeOnDocumentClick={false}
      closeOnEscape={true}
      closeOnRootNodeClick={true}
      eventPool="Modal"
      mountNode={<body />}
      onClose={[Function]}
      onMount={[Function]}
      onOpen={[Function]}
      onUnmount={[Function]}
      openOnTriggerClick={true}
    />
  </Modal>
</FeedbackPrompt>
`;
