// Jest Snapshot v1, https://goo.gl/fbAQLP

exports[`<ExternalLink> renders with provided props 1`] = `
<ExternalLink
  anotherprop="pass me through please"
  href="http://example.com"
>
  <a
    anotherprop="pass me through please"
    href="http://example.com"
    target="_blank"
  >
    <span
      className="some-icon"
    />
  </a>
</ExternalLink>
`;
