// Jest Snapshot v1, https://goo.gl/fbAQLP

exports[`Benefits table renders correctly 1`] = `
<table
  className="ui celled table"
>
  <thead
    className=""
  >
    <tr
      className=""
    >
      <td
        className="three wide"
        style={
          Object {
            "background": "rgba(0, 181, 173, 1)",
            "borderRadius": "inherit",
            "color": "white",
            "fontSize": "1.3em",
            "fontWeight": 900,
            "letterSpacing": "0.02em",
            "textAlign": "center",
          }
        }
      >
        Some translated text.
      </td>
      <td
        className="three wide"
        style={
          Object {
            "background": "rgba(0, 181, 173, 1)",
            "borderRadius": "inherit",
            "color": "white",
            "fontSize": "1.3em",
            "fontWeight": 900,
            "letterSpacing": "0.02em",
            "textAlign": "center",
          }
        }
      >
        Some translated text.
      </td>
      <td
        className="three wide"
        style={
          Object {
            "background": "rgba(0, 181, 173, 1)",
            "borderRadius": "inherit",
            "color": "white",
            "fontSize": "1.3em",
            "fontWeight": 900,
            "letterSpacing": "0.02em",
            "textAlign": "center",
          }
        }
      >
        Some translated text.
      </td>
      <td
        className="three wide"
        style={
          Object {
            "background": "rgba(0, 181, 173, 1)",
            "borderRadius": "inherit",
            "color": "white",
            "fontSize": "1.3em",
            "fontWeight": 900,
            "letterSpacing": "0.02em",
            "textAlign": "center",
          }
        }
      >
        Some translated text.
      </td>
    </tr>
  </thead>
  <tbody
    className=""
  >
    <tr
      className=""
    >
      <td
        className=""
        style={
          Object {
            "fontSize": "1.1em",
            "fontWeight": 700,
            "textAlign": "left",
          }
        }
      >
        Some translated text.
      </td>
      <td
        className="right aligned"
      >
        Some translated text.
        0
        Some translated text.
      </td>
      <td
        className="right aligned"
      >
        Some translated text.
        0
        Some translated text.
      </td>
      <td
        className="right aligned"
      >
        
         
        Some translated text.
        0
        Some translated text.
      </td>
    </tr>
    <tr
      className=""
      style={
        Object {
          "border": "none",
        }
      }
    >
      <td
        className="right aligned three wide"
        style={
          Object {
            "borderTop": "2px solid rgba(0, 181, 173, 1)",
            "fontSize": "1.2em",
            "fontWeight": 700,
            "padingTop": "0.25em",
            "textAlign": "left",
          }
        }
      >
        Some translated text.
      </td>
      <td
        className="right aligned three wide"
        style={
          Object {
            "borderTop": "2px solid rgba(0, 181, 173, 1)",
            "fontSize": "1.1em",
            "fontWeight": 700,
            "padingTop": "0.25em",
          }
        }
      >
        Some translated text.
        0
        Some translated text.
      </td>
      <td
        className="right aligned three wide"
        style={
          Object {
            "borderTop": "2px solid rgba(0, 181, 173, 1)",
            "fontSize": "1.1em",
            "fontWeight": 700,
            "padingTop": "0.25em",
          }
        }
      >
        Some translated text.
        0
        Some translated text.
      </td>
      <td
        className="right aligned three wide"
        style={
          Object {
            "borderTop": "2px solid rgba(0, 181, 173, 1)",
            "fontSize": "1.1em",
            "fontWeight": 700,
            "padingTop": "0.25em",
          }
        }
      >
        
         
        Some translated text.
        0
        Some translated text.
      </td>
    </tr>
  </tbody>
</table>
`;

exports[`Benefits table renders correctly 2`] = `
<table
  className="ui celled table"
>
  <thead
    className=""
  >
    <tr
      className=""
    >
      <td
        className="three wide"
        style={
          Object {
            "background": "rgba(0, 181, 173, 1)",
            "borderRadius": "inherit",
            "color": "white",
            "fontSize": "1.3em",
            "fontWeight": 900,
            "letterSpacing": "0.02em",
            "textAlign": "center",
          }
        }
      >
        Some translated text.
      </td>
      <td
        className="three wide"
        style={
          Object {
            "background": "rgba(0, 181, 173, 1)",
            "borderRadius": "inherit",
            "color": "white",
            "fontSize": "1.3em",
            "fontWeight": 900,
            "letterSpacing": "0.02em",
            "textAlign": "center",
          }
        }
      >
        Some translated text.
      </td>
      <td
        className="three wide"
        style={
          Object {
            "background": "rgba(0, 181, 173, 1)",
            "borderRadius": "inherit",
            "color": "white",
            "fontSize": "1.3em",
            "fontWeight": 900,
            "letterSpacing": "0.02em",
            "textAlign": "center",
          }
        }
      >
        Some translated text.
      </td>
      <td
        className="three wide"
        style={
          Object {
            "background": "rgba(0, 181, 173, 1)",
            "borderRadius": "inherit",
            "color": "white",
            "fontSize": "1.3em",
            "fontWeight": 900,
            "letterSpacing": "0.02em",
            "textAlign": "center",
          }
        }
      >
        Some translated text.
      </td>
    </tr>
  </thead>
  <tbody
    className=""
  >
    <tr
      className=""
    >
      <td
        className=""
        style={
          Object {
            "fontSize": "1.1em",
            "fontWeight": 700,
            "textAlign": "left",
          }
        }
      >
        Some translated text.
      </td>
      <td
        className="right aligned"
      >
        Some translated text.
        192
        Some translated text.
      </td>
      <td
        className="right aligned"
      >
        Some translated text.
        192
        Some translated text.
      </td>
      <td
        className="right aligned"
      >
        
         
        Some translated text.
        0
        Some translated text.
      </td>
    </tr>
    <tr
      className=""
    >
      <td
        className=""
        style={
          Object {
            "fontSize": "1.1em",
            "fontWeight": 700,
            "textAlign": "left",
          }
        }
      >
        Some translated text.
      </td>
      <td
        className="right aligned"
      >
        Some translated text.
        0
        Some translated text.
      </td>
      <td
        className="right aligned"
      >
        Some translated text.
        0
        Some translated text.
      </td>
      <td
        className="right aligned"
      >
        
         
        Some translated text.
        0
        Some translated text.
      </td>
    </tr>
    <tr
      className=""
      style={
        Object {
          "border": "none",
        }
      }
    >
      <td
        className="right aligned three wide"
        style={
          Object {
            "borderTop": "2px solid rgba(0, 181, 173, 1)",
            "fontSize": "1.2em",
            "fontWeight": 700,
            "padingTop": "0.25em",
            "textAlign": "left",
          }
        }
      >
        Some translated text.
      </td>
      <td
        className="right aligned three wide"
        style={
          Object {
            "borderTop": "2px solid rgba(0, 181, 173, 1)",
            "fontSize": "1.1em",
            "fontWeight": 700,
            "padingTop": "0.25em",
          }
        }
      >
        Some translated text.
        192
        Some translated text.
      </td>
      <td
        className="right aligned three wide"
        style={
          Object {
            "borderTop": "2px solid rgba(0, 181, 173, 1)",
            "fontSize": "1.1em",
            "fontWeight": 700,
            "padingTop": "0.25em",
          }
        }
      >
        Some translated text.
        192
        Some translated text.
      </td>
      <td
        className="right aligned three wide"
        style={
          Object {
            "borderTop": "2px solid rgba(0, 181, 173, 1)",
            "fontSize": "1.1em",
            "fontWeight": 700,
            "padingTop": "0.25em",
          }
        }
      >
        
         
        Some translated text.
        0
        Some translated text.
      </td>
    </tr>
  </tbody>
</table>
`;

exports[`Benefits table renders correctly 3`] = `
<table
  className="ui celled table"
>
  <thead
    className=""
  >
    <tr
      className=""
    >
      <td
        className="three wide"
        style={
          Object {
            "background": "rgba(0, 181, 173, 1)",
            "borderRadius": "inherit",
            "color": "white",
            "fontSize": "1.3em",
            "fontWeight": 900,
            "letterSpacing": "0.02em",
            "textAlign": "center",
          }
        }
      >
        Some translated text.
      </td>
      <td
        className="three wide"
        style={
          Object {
            "background": "rgba(0, 181, 173, 1)",
            "borderRadius": "inherit",
            "color": "white",
            "fontSize": "1.3em",
            "fontWeight": 900,
            "letterSpacing": "0.02em",
            "textAlign": "center",
          }
        }
      >
        Some translated text.
      </td>
      <td
        className="three wide"
        style={
          Object {
            "background": "rgba(0, 181, 173, 1)",
            "borderRadius": "inherit",
            "color": "white",
            "fontSize": "1.3em",
            "fontWeight": 900,
            "letterSpacing": "0.02em",
            "textAlign": "center",
          }
        }
      >
        Some translated text.
      </td>
      <td
        className="three wide"
        style={
          Object {
            "background": "rgba(0, 181, 173, 1)",
            "borderRadius": "inherit",
            "color": "white",
            "fontSize": "1.3em",
            "fontWeight": 900,
            "letterSpacing": "0.02em",
            "textAlign": "center",
          }
        }
      >
        Some translated text.
      </td>
    </tr>
  </thead>
  <tbody
    className=""
  >
    <tr
      className=""
    >
      <td
        className=""
        style={
          Object {
            "fontSize": "1.1em",
            "fontWeight": 700,
            "textAlign": "left",
          }
        }
      >
        Some translated text.
      </td>
      <td
        className="right aligned"
      >
        Some translated text.
        192
        Some translated text.
      </td>
      <td
        className="right aligned"
      >
        Some translated text.
        192
        Some translated text.
      </td>
      <td
        className="right aligned"
      >
        
         
        Some translated text.
        0
        Some translated text.
      </td>
    </tr>
    <tr
      className=""
    >
      <td
        className=""
        style={
          Object {
            "fontSize": "1.1em",
            "fontWeight": 700,
            "textAlign": "left",
          }
        }
      >
        Some translated text.
      </td>
      <td
        className="right aligned"
      >
        Some translated text.
        100
        Some translated text.
      </td>
      <td
        className="right aligned"
      >
        Some translated text.
        0
        Some translated text.
      </td>
      <td
        className="right aligned"
      >
        -
         
        Some translated text.
        100
        Some translated text.
      </td>
    </tr>
    <tr
      className=""
      style={
        Object {
          "border": "none",
        }
      }
    >
      <td
        className="right aligned three wide"
        style={
          Object {
            "borderTop": "2px solid rgba(0, 181, 173, 1)",
            "fontSize": "1.2em",
            "fontWeight": 700,
            "padingTop": "0.25em",
            "textAlign": "left",
          }
        }
      >
        Some translated text.
      </td>
      <td
        className="right aligned three wide"
        style={
          Object {
            "borderTop": "2px solid rgba(0, 181, 173, 1)",
            "fontSize": "1.1em",
            "fontWeight": 700,
            "padingTop": "0.25em",
          }
        }
      >
        Some translated text.
        292
        Some translated text.
      </td>
      <td
        className="right aligned three wide"
        style={
          Object {
            "borderTop": "2px solid rgba(0, 181, 173, 1)",
            "fontSize": "1.1em",
            "fontWeight": 700,
            "padingTop": "0.25em",
          }
        }
      >
        Some translated text.
        192
        Some translated text.
      </td>
      <td
        className="right aligned three wide"
        style={
          Object {
            "borderTop": "2px solid rgba(0, 181, 173, 1)",
            "fontSize": "1.1em",
            "fontWeight": 700,
            "padingTop": "0.25em",
          }
        }
      >
        -
         
        Some translated text.
        100
        Some translated text.
      </td>
    </tr>
  </tbody>
</table>
`;

exports[`Benefits table renders correctly 4`] = `
<table
  className="ui celled table"
>
  <thead
    className=""
  >
    <tr
      className=""
    >
      <td
        className="three wide"
        style={
          Object {
            "background": "rgba(0, 181, 173, 1)",
            "borderRadius": "inherit",
            "color": "white",
            "fontSize": "1.3em",
            "fontWeight": 900,
            "letterSpacing": "0.02em",
            "textAlign": "center",
          }
        }
      >
        Some translated text.
      </td>
      <td
        className="three wide"
        style={
          Object {
            "background": "rgba(0, 181, 173, 1)",
            "borderRadius": "inherit",
            "color": "white",
            "fontSize": "1.3em",
            "fontWeight": 900,
            "letterSpacing": "0.02em",
            "textAlign": "center",
          }
        }
      >
        Some translated text.
      </td>
      <td
        className="three wide"
        style={
          Object {
            "background": "rgba(0, 181, 173, 1)",
            "borderRadius": "inherit",
            "color": "white",
            "fontSize": "1.3em",
            "fontWeight": 900,
            "letterSpacing": "0.02em",
            "textAlign": "center",
          }
        }
      >
        Some translated text.
      </td>
      <td
        className="three wide"
        style={
          Object {
            "background": "rgba(0, 181, 173, 1)",
            "borderRadius": "inherit",
            "color": "white",
            "fontSize": "1.3em",
            "fontWeight": 900,
            "letterSpacing": "0.02em",
            "textAlign": "center",
          }
        }
      >
        Some translated text.
      </td>
    </tr>
  </thead>
  <tbody
    className=""
  >
    <tr
      className=""
    >
      <td
        className=""
        style={
          Object {
            "fontSize": "1.1em",
            "fontWeight": 700,
            "textAlign": "left",
          }
        }
      >
        Some translated text.
      </td>
      <td
        className="right aligned"
      >
        Some translated text.
        192
        Some translated text.
      </td>
      <td
        className="right aligned"
      >
        Some translated text.
        192
        Some translated text.
      </td>
      <td
        className="right aligned"
      >
        
         
        Some translated text.
        0
        Some translated text.
      </td>
    </tr>
    <tr
      className=""
    >
      <td
        className=""
        style={
          Object {
            "fontSize": "1.1em",
            "fontWeight": 700,
            "textAlign": "left",
          }
        }
      >
        Some translated text.
      </td>
      <td
        className="right aligned"
      >
        Some translated text.
        100
        Some translated text.
      </td>
      <td
        className="right aligned"
      >
        Some translated text.
        200
        Some translated text.
      </td>
      <td
        className="right aligned"
      >
        +
         
        Some translated text.
        100
        Some translated text.
      </td>
    </tr>
    <tr
      className=""
      style={
        Object {
          "border": "none",
        }
      }
    >
      <td
        className="right aligned three wide"
        style={
          Object {
            "borderTop": "2px solid rgba(0, 181, 173, 1)",
            "fontSize": "1.2em",
            "fontWeight": 700,
            "padingTop": "0.25em",
            "textAlign": "left",
          }
        }
      >
        Some translated text.
      </td>
      <td
        className="right aligned three wide"
        style={
          Object {
            "borderTop": "2px solid rgba(0, 181, 173, 1)",
            "fontSize": "1.1em",
            "fontWeight": 700,
            "padingTop": "0.25em",
          }
        }
      >
        Some translated text.
        292
        Some translated text.
      </td>
      <td
        className="right aligned three wide"
        style={
          Object {
            "borderTop": "2px solid rgba(0, 181, 173, 1)",
            "fontSize": "1.1em",
            "fontWeight": 700,
            "padingTop": "0.25em",
          }
        }
      >
        Some translated text.
        392
        Some translated text.
      </td>
      <td
        className="right aligned three wide"
        style={
          Object {
            "borderTop": "2px solid rgba(0, 181, 173, 1)",
            "fontSize": "1.1em",
            "fontWeight": 700,
            "padingTop": "0.25em",
          }
        }
      >
        +
         
        Some translated text.
        100
        Some translated text.
      </td>
    </tr>
  </tbody>
</table>
`;

exports[`Benefits table renders correctly 5`] = `
<table
  className="ui celled table"
>
  <thead
    className=""
  >
    <tr
      className=""
    >
      <td
        className="three wide"
        style={
          Object {
            "background": "rgba(0, 181, 173, 1)",
            "borderRadius": "inherit",
            "color": "white",
            "fontSize": "1.3em",
            "fontWeight": 900,
            "letterSpacing": "0.02em",
            "textAlign": "center",
          }
        }
      >
        Some translated text.
      </td>
      <td
        className="three wide"
        style={
          Object {
            "background": "rgba(0, 181, 173, 1)",
            "borderRadius": "inherit",
            "color": "white",
            "fontSize": "1.3em",
            "fontWeight": 900,
            "letterSpacing": "0.02em",
            "textAlign": "center",
          }
        }
      >
        Some translated text.
      </td>
      <td
        className="three wide"
        style={
          Object {
            "background": "rgba(0, 181, 173, 1)",
            "borderRadius": "inherit",
            "color": "white",
            "fontSize": "1.3em",
            "fontWeight": 900,
            "letterSpacing": "0.02em",
            "textAlign": "center",
          }
        }
      >
        Some translated text.
      </td>
      <td
        className="three wide"
        style={
          Object {
            "background": "rgba(0, 181, 173, 1)",
            "borderRadius": "inherit",
            "color": "white",
            "fontSize": "1.3em",
            "fontWeight": 900,
            "letterSpacing": "0.02em",
            "textAlign": "center",
          }
        }
      >
        Some translated text.
      </td>
    </tr>
  </thead>
  <tbody
    className=""
  >
    <tr
      className=""
    >
      <td
        className=""
        style={
          Object {
            "fontSize": "1.1em",
            "fontWeight": 700,
            "textAlign": "left",
          }
        }
      >
        Some translated text.
      </td>
      <td
        className="right aligned"
      >
        Some translated text.
        192
        Some translated text.
      </td>
      <td
        className="right aligned"
      >
        Some translated text.
        192
        Some translated text.
      </td>
      <td
        className="right aligned"
      >
        
         
        Some translated text.
        0
        Some translated text.
      </td>
    </tr>
    <tr
      className=""
    >
      <td
        className=""
        style={
          Object {
            "fontSize": "1.1em",
            "fontWeight": 700,
            "textAlign": "left",
          }
        }
      >
        Some translated text.
      </td>
      <td
        className="right aligned"
      >
        Some translated text.
        300
        Some translated text.
      </td>
      <td
        className="right aligned"
      >
        Some translated text.
        200
        Some translated text.
      </td>
      <td
        className="right aligned"
      >
        -
         
        Some translated text.
        100
        Some translated text.
      </td>
    </tr>
    <tr
      className=""
      style={
        Object {
          "border": "none",
        }
      }
    >
      <td
        className="right aligned three wide"
        style={
          Object {
            "borderTop": "2px solid rgba(0, 181, 173, 1)",
            "fontSize": "1.2em",
            "fontWeight": 700,
            "padingTop": "0.25em",
            "textAlign": "left",
          }
        }
      >
        Some translated text.
      </td>
      <td
        className="right aligned three wide"
        style={
          Object {
            "borderTop": "2px solid rgba(0, 181, 173, 1)",
            "fontSize": "1.1em",
            "fontWeight": 700,
            "padingTop": "0.25em",
          }
        }
      >
        Some translated text.
        492
        Some translated text.
      </td>
      <td
        className="right aligned three wide"
        style={
          Object {
            "borderTop": "2px solid rgba(0, 181, 173, 1)",
            "fontSize": "1.1em",
            "fontWeight": 700,
            "padingTop": "0.25em",
          }
        }
      >
        Some translated text.
        392
        Some translated text.
      </td>
      <td
        className="right aligned three wide"
        style={
          Object {
            "borderTop": "2px solid rgba(0, 181, 173, 1)",
            "fontSize": "1.1em",
            "fontWeight": 700,
            "padingTop": "0.25em",
          }
        }
      >
        -
         
        Some translated text.
        100
        Some translated text.
      </td>
    </tr>
  </tbody>
</table>
`;

exports[`Benefits table renders correctly 6`] = `
<table
  className="ui celled table"
>
  <thead
    className=""
  >
    <tr
      className=""
    >
      <td
        className="three wide"
        style={
          Object {
            "background": "rgba(0, 181, 173, 1)",
            "borderRadius": "inherit",
            "color": "white",
            "fontSize": "1.3em",
            "fontWeight": 900,
            "letterSpacing": "0.02em",
            "textAlign": "center",
          }
        }
      >
        Some translated text.
      </td>
      <td
        className="three wide"
        style={
          Object {
            "background": "rgba(0, 181, 173, 1)",
            "borderRadius": "inherit",
            "color": "white",
            "fontSize": "1.3em",
            "fontWeight": 900,
            "letterSpacing": "0.02em",
            "textAlign": "center",
          }
        }
      >
        Some translated text.
      </td>
      <td
        className="three wide"
        style={
          Object {
            "background": "rgba(0, 181, 173, 1)",
            "borderRadius": "inherit",
            "color": "white",
            "fontSize": "1.3em",
            "fontWeight": 900,
            "letterSpacing": "0.02em",
            "textAlign": "center",
          }
        }
      >
        Some translated text.
      </td>
      <td
        className="three wide"
        style={
          Object {
            "background": "rgba(0, 181, 173, 1)",
            "borderRadius": "inherit",
            "color": "white",
            "fontSize": "1.3em",
            "fontWeight": 900,
            "letterSpacing": "0.02em",
            "textAlign": "center",
          }
        }
      >
        Some translated text.
      </td>
    </tr>
  </thead>
  <tbody
    className=""
  >
    <tr
      className=""
    >
      <td
        className=""
        style={
          Object {
            "fontSize": "1.1em",
            "fontWeight": 700,
            "textAlign": "left",
          }
        }
      >
        Some translated text.
      </td>
      <td
        className="right aligned"
      >
        Some translated text.
        192
        Some translated text.
      </td>
      <td
        className="right aligned"
      >
        Some translated text.
        187
        Some translated text.
      </td>
      <td
        className="right aligned"
      >
        -
         
        Some translated text.
        5
        Some translated text.
      </td>
    </tr>
    <tr
      className=""
    >
      <td
        className=""
        style={
          Object {
            "fontSize": "1.1em",
            "fontWeight": 700,
            "textAlign": "left",
          }
        }
      >
        Some translated text.
      </td>
      <td
        className="right aligned"
      >
        Some translated text.
        300
        Some translated text.
      </td>
      <td
        className="right aligned"
      >
        Some translated text.
        400
        Some translated text.
      </td>
      <td
        className="right aligned"
      >
        +
         
        Some translated text.
        100
        Some translated text.
      </td>
    </tr>
    <tr
      className=""
      style={
        Object {
          "border": "none",
        }
      }
    >
      <td
        className="right aligned three wide"
        style={
          Object {
            "borderTop": "2px solid rgba(0, 181, 173, 1)",
            "fontSize": "1.2em",
            "fontWeight": 700,
            "padingTop": "0.25em",
            "textAlign": "left",
          }
        }
      >
        Some translated text.
      </td>
      <td
        className="right aligned three wide"
        style={
          Object {
            "borderTop": "2px solid rgba(0, 181, 173, 1)",
            "fontSize": "1.1em",
            "fontWeight": 700,
            "padingTop": "0.25em",
          }
        }
      >
        Some translated text.
        492
        Some translated text.
      </td>
      <td
        className="right aligned three wide"
        style={
          Object {
            "borderTop": "2px solid rgba(0, 181, 173, 1)",
            "fontSize": "1.1em",
            "fontWeight": 700,
            "padingTop": "0.25em",
          }
        }
      >
        Some translated text.
        587
        Some translated text.
      </td>
      <td
        className="right aligned three wide"
        style={
          Object {
            "borderTop": "2px solid rgba(0, 181, 173, 1)",
            "fontSize": "1.1em",
            "fontWeight": 700,
            "padingTop": "0.25em",
          }
        }
      >
        +
         
        Some translated text.
        95
        Some translated text.
      </td>
    </tr>
  </tbody>
</table>
`;
