// Jest Snapshot v1, https://goo.gl/fbAQLP

exports[`<AttentionArrow> matches snapshot 1`] = `
<AttentionArrow>
  <span
    className="attention-arrow"
  >
    <Icon
      as="i"
      className="attention-font"
      fitted={true}
      name="angle right"
      size="big"
    >
      <i
        aria-hidden="true"
        className="angle right big fitted icon attention-font"
      />
    </Icon>
    <Icon
      as="i"
      className="attention-font"
      fitted={true}
      name="angle right"
      size="big"
    >
      <i
        aria-hidden="true"
        className="angle right big fitted icon attention-font"
      />
    </Icon>
  </span>
</AttentionArrow>
`;
